// Jest Snapshot v1, https://goo.gl/fbAQLP

exports[`Testing Order Details Component Snapshot testing 1`] = `
<div>
  <nav
    class="m-0 py-3 navbar navbar-expand-lg navbar-dark bg-primary"
  >
    <div
      class="container-fluid"
    >
      <a
        class="navbar-brand"
        href="/"
      >
        NEX Food Ordering
      </a>
      <button
        aria-controls="responsive-navbar-nav"
        aria-label="Toggle navigation"
        class="navbar-toggler collapsed"
        type="button"
      >
        <span
          class="navbar-toggler-icon"
        />
      </button>
      <div
        class="navbar-collapse collapse"
        id="responsive-navbar-nav"
      >
        <div
          class="me-auto navbar-nav"
        />
        <a
          class="nav-link"
          href="/admin"
        >
          ADMIN
        </a>
        <a
          class="nav-link"
          href="/"
        >
          Sign In
        </a>
        <a
          class="nav-link"
          href="/signup"
        >
          Sign Up
        </a>
      </div>
    </div>
  </nav>
  <div
    class="form-container"
  >
    You have to login to use this application
  </div>
</div>
`;
