// Jest Snapshot v1, https://goo.gl/fbAQLP

exports[`User component Snapshot testing 1`] = `
<div>
  <div
    class="page"
  >
    <nav
      class="m-0 py-3 navbar navbar-expand-lg navbar-dark bg-primary"
    >
      <div
        class="container-fluid"
      >
        <a
          class="navbar-brand"
          href="/"
        >
          NEX Food Ordering
        </a>
        <button
          aria-controls="responsive-navbar-nav"
          aria-label="Toggle navigation"
          class="navbar-toggler collapsed"
          type="button"
        >
          <span
            class="navbar-toggler-icon"
          />
        </button>
        <div
          class="navbar-collapse collapse"
          id="responsive-navbar-nav"
        >
          <div
            class="me-auto navbar-nav"
          />
          <a
            class="nav-link"
            href="/admin"
          >
            ADMIN
          </a>
          <a
            class="nav-link"
            href="/"
          >
            Sign In
          </a>
          <a
            class="nav-link"
            href="/signup"
          >
            Sign Up
          </a>
        </div>
      </div>
    </nav>
    <div
      class="form-container"
    >
      <div
        class="form-box-signup"
      >
        <div
          class="header-form"
        >
          <h4
            class="text-primary text-center"
          >
            <i
              class="fa fa-user-circle"
              style="font-size: 110px;"
            />
          </h4>
          <div
            class="image"
          />
        </div>
        <h2>
          Update
        </h2>
        <div
          class="body-form"
        >
          <form
            class="m-3"
          >
            <div
              class="input-group mb-3"
            >
              <div
                class="input-group-prepend"
              >
                <span
                  class="input-group-text"
                >
                  <i
                    class="fa fa-envelope fa-2x"
                  />
                </span>
              </div>
              <input
                class="form-control"
                name="email"
                pattern="[a-z0-9._%+-]+@[a-z0-9.-]+\\\\.[a-z]{2,4}$"
                placeholder="Email"
                required=""
                title="Enter a valid Email"
                type="text"
                value=""
              />
            </div>
            <div
              class="input-group mb-3"
            >
              <div
                class="input-group-prepend"
              >
                <span
                  class="input-group-text"
                >
                  <i
                    class="fa fa-user fa-2x"
                  />
                </span>
              </div>
              <input
                class="form-control"
                name="name"
                placeholder="Name"
                required=""
                type="text"
                value=""
              />
            </div>
            <div
              class="input-group mb-3"
            >
              <div
                class="input-group-prepend"
              >
                <span
                  class="input-group-text"
                >
                  <i
                    class="fa fa-lock fa-2x"
                  />
                </span>
              </div>
              <input
                class="form-control"
                name="password"
                pattern=".{8,}"
                placeholder="Password"
                required=""
                title="Eight or more characters"
                type="password"
                value=""
              />
            </div>
            <div
              class="input-group mb-3"
            >
              <div
                class="input-group-prepend"
              >
                <span
                  class="input-group-text"
                >
                  <i
                    class="fa fa-lock fa-2x"
                  />
                </span>
              </div>
              <input
                class="form-control"
                name="confirmPassword"
                pattern=".{8,}"
                placeholder="Confirm Password"
                required=""
                title="Eight or more characters"
                type="password"
                value=""
              />
            </div>
            <button
              class="btn btn-secondary btn-block"
              type="submit"
            >
              Update
            </button>
            <br />
            <br />
          </form>
        </div>
      </div>
    </div>
  </div>
</div>
`;
