// Jest Snapshot v1, https://goo.gl/fbAQLP

exports[`Add component Snapshot testing 1`] = `
<div>
  <div
    class="page"
  >
    <nav
      class="m-0 py-3 navbar navbar-expand-lg navbar-dark bg-primary"
    >
      <div
        class="container-fluid"
      >
        <a
          class="navbar-brand"
          href="/welcome"
        >
          NEX Food Ordering
        </a>
        <button
          aria-controls="responsive-navbar-nav"
          aria-label="Toggle navigation"
          class="navbar-toggler collapsed"
          type="button"
        >
          <span
            class="navbar-toggler-icon"
          />
        </button>
        <div
          class="navbar-collapse collapse"
          id="responsive-navbar-nav"
        >
          <div
            class="me-auto navbar-nav"
          >
            <a
              class="nav-link"
              href="#"
              role="button"
              tabindex="0"
            />
            <a
              class="nav-link"
              data-rr-ui-event-key="/welcomea"
              href="/welcomea"
            >
              Admin Home
            </a>
            <a
              class="nav-link"
              data-rr-ui-event-key="/add"
              href="/add"
            >
              Add Food
            </a>
            <a
              class="nav-link"
              data-rr-ui-event-key="/update"
              href="/update"
            >
              Update Food
            </a>
          </div>
          <div
            class="navbar-nav"
          >
            <a
              class="nav-link"
              data-rr-ui-event-key="/admin"
              href="/admin"
            >
              Logout
            </a>
          </div>
        </div>
      </div>
    </nav>
    <div
      class="form-container"
    >
      <div
        class="form-box-signup"
      >
        <div
          class="header-form"
        >
          <h4
            class="text-primary text-center"
          >
            <i
              class="fa fa-user-circle"
              style="font-size: 110px;"
            />
          </h4>
          <div
            class="image"
          />
        </div>
        <h2>
          Register Food
        </h2>
        <br />
        <div
          class="body-form"
        >
          <form
            class="m-3"
          >
            <div
              class="input-group mb-3"
            >
              <div
                class="input-group-prepend"
              />
              <input
                class="form-control"
                name="foodName"
                placeholder="Name"
                required=""
                type="text"
                value=""
              />
            </div>
            <div
              class="input-group mb-3"
            >
              <div
                class="input-group-prepend"
              />
              <input
                class="form-control"
                name="foodPrice"
                placeholder="Price"
                required=""
                type="text"
                value=""
              />
            </div>
            <div
              class="input-group mb-3"
            >
              <div
                class="input-group-prepend"
              />
              <input
                class="form-control"
                name="foodCategory"
                placeholder="Category"
                required=""
                type="text"
                value=""
              />
            </div>
            <br />
            <button
              class="btn btn-secondary btn-block"
              type="submit"
            >
              Register Food
            </button>
            <br />
            <br />
          </form>
        </div>
      </div>
    </div>
  </div>
</div>
`;
